Archive member included to satisfy reference by file (symbol)

c:/program files (x86)/atmel/studio/7.0/toolchain/avr8/avr8-gnu-toolchain/bin/../lib/gcc/avr/4.9.2/avr5\libgcc.a(_udivmodhi4.o)
                              measurements_hal.o (__udivmodhi4)
c:/program files (x86)/atmel/studio/7.0/toolchain/avr8/avr8-gnu-toolchain/bin/../lib/gcc/avr/4.9.2/avr5\libgcc.a(_exit.o)
                              C:/Program Files (x86)/Atmel/Studio/7.0/Packs/atmel/ATmega_DFP/1.1.130/gcc/dev/atmega328pb/avr5/crtatmega328pb.o (exit)
c:/program files (x86)/atmel/studio/7.0/toolchain/avr8/avr8-gnu-toolchain/bin/../lib/gcc/avr/4.9.2/avr5\libgcc.a(_copy_data.o)
                              main.o (__do_copy_data)
c:/program files (x86)/atmel/studio/7.0/toolchain/avr8/avr8-gnu-toolchain/bin/../lib/gcc/avr/4.9.2/avr5\libgcc.a(_clear_bss.o)
                              controlBoxHAL.o (__do_clear_bss)

Allocating common symbols
Common symbol       size              file

voltages            0xc               main.o
nLED                0x1               measurements.o
voltageDiv          0x8               main.o
measLED_valid       0x1               main.o
light_timer         0x4               lightcontrol.o
temperature         0x2               main.o
act_brightness      0x1               lightcontrol.o
bounds              0xe               main.o
bufferU1            0x64              main.o
helloPacket         0x3               protocolAbstraction.o
statusCode          0x1               main.o
bufferU0            0x64              main.o
addressFrame        0x3               protocolAbstraction.o
sensorValue         0x2               main.o
brightness          0x1               main.o
lightmode           0x1               main.o
meas_timer          0x4               measurements.o

Discarded input sections

 .data          0x00000000        0x0 C:/Program Files (x86)/Atmel/Studio/7.0/Packs/atmel/ATmega_DFP/1.1.130/gcc/dev/atmega328pb/avr5/crtatmega328pb.o
 .bss           0x00000000        0x0 C:/Program Files (x86)/Atmel/Studio/7.0/Packs/atmel/ATmega_DFP/1.1.130/gcc/dev/atmega328pb/avr5/crtatmega328pb.o
 .text          0x00000000        0x0 controlBoxHAL.o
 .data          0x00000000        0x0 controlBoxHAL.o
 .bss           0x00000000        0x0 controlBoxHAL.o
 .text.USART0_setToTransmit
                0x00000000       0x16 controlBoxHAL.o
 .text.USART0_sendChar
                0x00000000       0x10 controlBoxHAL.o
 .text.USART0_sendString
                0x00000000       0x2a controlBoxHAL.o
 .text.USART0_flush
                0x00000000       0x1a controlBoxHAL.o
 .text.USART0_receive
                0x00000000       0x10 controlBoxHAL.o
 .text.USART1_setToReceive
                0x00000000       0x18 controlBoxHAL.o
 .text.USART1_flush
                0x00000000       0x1a controlBoxHAL.o
 .text.USART1_receive
                0x00000000       0x10 controlBoxHAL.o
 .text.TWI0_init
                0x00000000        0xc controlBoxHAL.o
 .text.TWI0_stop
                0x00000000       0x12 controlBoxHAL.o
 .text.TWI0_start
                0x00000000       0x50 controlBoxHAL.o
 .text.TWI0_write
                0x00000000       0x24 controlBoxHAL.o
 .text.TWI0_readAck
                0x00000000       0x16 controlBoxHAL.o
 .text.TWI1_init
                0x00000000        0xc controlBoxHAL.o
 .text.TWI1_stop
                0x00000000       0x12 controlBoxHAL.o
 .text.TWI1_start
                0x00000000       0x50 controlBoxHAL.o
 .text.TWI1_write
                0x00000000       0x24 controlBoxHAL.o
 .text.TWI1_readAck
                0x00000000       0x16 controlBoxHAL.o
 .text.EAT123_init
                0x00000000       0x84 controlBoxHAL.o
 .text.EAT123_write
                0x00000000       0x94 controlBoxHAL.o
 .text          0x00000000        0x0 lightcontrol.o
 .data          0x00000000        0x0 lightcontrol.o
 .bss           0x00000000        0x0 lightcontrol.o
 .text          0x00000000        0x0 lightcontrol_hal.o
 .data          0x00000000        0x0 lightcontrol_hal.o
 .bss           0x00000000        0x0 lightcontrol_hal.o
 .text          0x00000000        0x0 main.o
 .data          0x00000000        0x0 main.o
 .bss           0x00000000        0x0 main.o
 .text.sendAddress
                0x00000000       0x38 main.o
 .bss.readPointerU1
                0x00000000        0x1 main.o
 .text          0x00000000        0x0 measurements.o
 .data          0x00000000        0x0 measurements.o
 .bss           0x00000000        0x0 measurements.o
 .text          0x00000000        0x0 measurements_hal.o
 .data          0x00000000        0x0 measurements_hal.o
 .bss           0x00000000        0x0 measurements_hal.o
 .text.get_chip_TEMP
                0x00000000        0x8 measurements_hal.o
 .text          0x00000000        0x0 protocolAbstraction.o
 .data          0x00000000        0x0 protocolAbstraction.o
 .bss           0x00000000        0x0 protocolAbstraction.o
 .text          0x00000000        0x0 c:/program files (x86)/atmel/studio/7.0/toolchain/avr8/avr8-gnu-toolchain/bin/../lib/gcc/avr/4.9.2/avr5\libgcc.a(_udivmodhi4.o)
 .data          0x00000000        0x0 c:/program files (x86)/atmel/studio/7.0/toolchain/avr8/avr8-gnu-toolchain/bin/../lib/gcc/avr/4.9.2/avr5\libgcc.a(_udivmodhi4.o)
 .bss           0x00000000        0x0 c:/program files (x86)/atmel/studio/7.0/toolchain/avr8/avr8-gnu-toolchain/bin/../lib/gcc/avr/4.9.2/avr5\libgcc.a(_udivmodhi4.o)
 .text.libgcc.mul
                0x00000000        0x0 c:/program files (x86)/atmel/studio/7.0/toolchain/avr8/avr8-gnu-toolchain/bin/../lib/gcc/avr/4.9.2/avr5\libgcc.a(_udivmodhi4.o)
 .text.libgcc   0x00000000        0x0 c:/program files (x86)/atmel/studio/7.0/toolchain/avr8/avr8-gnu-toolchain/bin/../lib/gcc/avr/4.9.2/avr5\libgcc.a(_udivmodhi4.o)
 .text.libgcc.prologue
                0x00000000        0x0 c:/program files (x86)/atmel/studio/7.0/toolchain/avr8/avr8-gnu-toolchain/bin/../lib/gcc/avr/4.9.2/avr5\libgcc.a(_udivmodhi4.o)
 .text.libgcc.builtins
                0x00000000        0x0 c:/program files (x86)/atmel/studio/7.0/toolchain/avr8/avr8-gnu-toolchain/bin/../lib/gcc/avr/4.9.2/avr5\libgcc.a(_udivmodhi4.o)
 .text.libgcc.fmul
                0x00000000        0x0 c:/program files (x86)/atmel/studio/7.0/toolchain/avr8/avr8-gnu-toolchain/bin/../lib/gcc/avr/4.9.2/avr5\libgcc.a(_udivmodhi4.o)
 .text.libgcc.fixed
                0x00000000        0x0 c:/program files (x86)/atmel/studio/7.0/toolchain/avr8/avr8-gnu-toolchain/bin/../lib/gcc/avr/4.9.2/avr5\libgcc.a(_udivmodhi4.o)
 .text          0x00000000        0x0 c:/program files (x86)/atmel/studio/7.0/toolchain/avr8/avr8-gnu-toolchain/bin/../lib/gcc/avr/4.9.2/avr5\libgcc.a(_exit.o)
 .data          0x00000000        0x0 c:/program files (x86)/atmel/studio/7.0/toolchain/avr8/avr8-gnu-toolchain/bin/../lib/gcc/avr/4.9.2/avr5\libgcc.a(_exit.o)
 .bss           0x00000000        0x0 c:/program files (x86)/atmel/studio/7.0/toolchain/avr8/avr8-gnu-toolchain/bin/../lib/gcc/avr/4.9.2/avr5\libgcc.a(_exit.o)
 .text.libgcc.mul
                0x00000000        0x0 c:/program files (x86)/atmel/studio/7.0/toolchain/avr8/avr8-gnu-toolchain/bin/../lib/gcc/avr/4.9.2/avr5\libgcc.a(_exit.o)
 .text.libgcc.div
                0x00000000        0x0 c:/program files (x86)/atmel/studio/7.0/toolchain/avr8/avr8-gnu-toolchain/bin/../lib/gcc/avr/4.9.2/avr5\libgcc.a(_exit.o)
 .text.libgcc   0x00000000        0x0 c:/program files (x86)/atmel/studio/7.0/toolchain/avr8/avr8-gnu-toolchain/bin/../lib/gcc/avr/4.9.2/avr5\libgcc.a(_exit.o)
 .text.libgcc.prologue
                0x00000000        0x0 c:/program files (x86)/atmel/studio/7.0/toolchain/avr8/avr8-gnu-toolchain/bin/../lib/gcc/avr/4.9.2/avr5\libgcc.a(_exit.o)
 .text.libgcc.builtins
                0x00000000        0x0 c:/program files (x86)/atmel/studio/7.0/toolchain/avr8/avr8-gnu-toolchain/bin/../lib/gcc/avr/4.9.2/avr5\libgcc.a(_exit.o)
 .text.libgcc.fmul
                0x00000000        0x0 c:/program files (x86)/atmel/studio/7.0/toolchain/avr8/avr8-gnu-toolchain/bin/../lib/gcc/avr/4.9.2/avr5\libgcc.a(_exit.o)
 .text.libgcc.fixed
                0x00000000        0x0 c:/program files (x86)/atmel/studio/7.0/toolchain/avr8/avr8-gnu-toolchain/bin/../lib/gcc/avr/4.9.2/avr5\libgcc.a(_exit.o)
 .text          0x00000000        0x0 c:/program files (x86)/atmel/studio/7.0/toolchain/avr8/avr8-gnu-toolchain/bin/../lib/gcc/avr/4.9.2/avr5\libgcc.a(_copy_data.o)
 .data          0x00000000        0x0 c:/program files (x86)/atmel/studio/7.0/toolchain/avr8/avr8-gnu-toolchain/bin/../lib/gcc/avr/4.9.2/avr5\libgcc.a(_copy_data.o)
 .bss           0x00000000        0x0 c:/program files (x86)/atmel/studio/7.0/toolchain/avr8/avr8-gnu-toolchain/bin/../lib/gcc/avr/4.9.2/avr5\libgcc.a(_copy_data.o)
 .text.libgcc.mul
                0x00000000        0x0 c:/program files (x86)/atmel/studio/7.0/toolchain/avr8/avr8-gnu-toolchain/bin/../lib/gcc/avr/4.9.2/avr5\libgcc.a(_copy_data.o)
 .text.libgcc.div
                0x00000000        0x0 c:/program files (x86)/atmel/studio/7.0/toolchain/avr8/avr8-gnu-toolchain/bin/../lib/gcc/avr/4.9.2/avr5\libgcc.a(_copy_data.o)
 .text.libgcc   0x00000000        0x0 c:/program files (x86)/atmel/studio/7.0/toolchain/avr8/avr8-gnu-toolchain/bin/../lib/gcc/avr/4.9.2/avr5\libgcc.a(_copy_data.o)
 .text.libgcc.prologue
                0x00000000        0x0 c:/program files (x86)/atmel/studio/7.0/toolchain/avr8/avr8-gnu-toolchain/bin/../lib/gcc/avr/4.9.2/avr5\libgcc.a(_copy_data.o)
 .text.libgcc.builtins
                0x00000000        0x0 c:/program files (x86)/atmel/studio/7.0/toolchain/avr8/avr8-gnu-toolchain/bin/../lib/gcc/avr/4.9.2/avr5\libgcc.a(_copy_data.o)
 .text.libgcc.fmul
                0x00000000        0x0 c:/program files (x86)/atmel/studio/7.0/toolchain/avr8/avr8-gnu-toolchain/bin/../lib/gcc/avr/4.9.2/avr5\libgcc.a(_copy_data.o)
 .text.libgcc.fixed
                0x00000000        0x0 c:/program files (x86)/atmel/studio/7.0/toolchain/avr8/avr8-gnu-toolchain/bin/../lib/gcc/avr/4.9.2/avr5\libgcc.a(_copy_data.o)
 .text          0x00000000        0x0 c:/program files (x86)/atmel/studio/7.0/toolchain/avr8/avr8-gnu-toolchain/bin/../lib/gcc/avr/4.9.2/avr5\libgcc.a(_clear_bss.o)
 .data          0x00000000        0x0 c:/program files (x86)/atmel/studio/7.0/toolchain/avr8/avr8-gnu-toolchain/bin/../lib/gcc/avr/4.9.2/avr5\libgcc.a(_clear_bss.o)
 .bss           0x00000000        0x0 c:/program files (x86)/atmel/studio/7.0/toolchain/avr8/avr8-gnu-toolchain/bin/../lib/gcc/avr/4.9.2/avr5\libgcc.a(_clear_bss.o)
 .text.libgcc.mul
                0x00000000        0x0 c:/program files (x86)/atmel/studio/7.0/toolchain/avr8/avr8-gnu-toolchain/bin/../lib/gcc/avr/4.9.2/avr5\libgcc.a(_clear_bss.o)
 .text.libgcc.div
                0x00000000        0x0 c:/program files (x86)/atmel/studio/7.0/toolchain/avr8/avr8-gnu-toolchain/bin/../lib/gcc/avr/4.9.2/avr5\libgcc.a(_clear_bss.o)
 .text.libgcc   0x00000000        0x0 c:/program files (x86)/atmel/studio/7.0/toolchain/avr8/avr8-gnu-toolchain/bin/../lib/gcc/avr/4.9.2/avr5\libgcc.a(_clear_bss.o)
 .text.libgcc.prologue
                0x00000000        0x0 c:/program files (x86)/atmel/studio/7.0/toolchain/avr8/avr8-gnu-toolchain/bin/../lib/gcc/avr/4.9.2/avr5\libgcc.a(_clear_bss.o)
 .text.libgcc.builtins
                0x00000000        0x0 c:/program files (x86)/atmel/studio/7.0/toolchain/avr8/avr8-gnu-toolchain/bin/../lib/gcc/avr/4.9.2/avr5\libgcc.a(_clear_bss.o)
 .text.libgcc.fmul
                0x00000000        0x0 c:/program files (x86)/atmel/studio/7.0/toolchain/avr8/avr8-gnu-toolchain/bin/../lib/gcc/avr/4.9.2/avr5\libgcc.a(_clear_bss.o)
 .text.libgcc.fixed
                0x00000000        0x0 c:/program files (x86)/atmel/studio/7.0/toolchain/avr8/avr8-gnu-toolchain/bin/../lib/gcc/avr/4.9.2/avr5\libgcc.a(_clear_bss.o)

Memory Configuration

Name             Origin             Length             Attributes
text             0x00000000         0x00020000         xr
data             0x00800060         0x0000ffa0         rw !x
eeprom           0x00810000         0x00010000         rw !x
fuse             0x00820000         0x00000003         rw !x
lock             0x00830000         0x00000400         rw !x
signature        0x00840000         0x00000400         rw !x
user_signatures  0x00850000         0x00000400         rw !x
*default*        0x00000000         0xffffffff

Linker script and memory map

Address of section .data set to 0x800100
LOAD C:/Program Files (x86)/Atmel/Studio/7.0/Packs/atmel/ATmega_DFP/1.1.130/gcc/dev/atmega328pb/avr5/crtatmega328pb.o
LOAD controlBoxHAL.o
LOAD lightcontrol.o
LOAD lightcontrol_hal.o
LOAD main.o
LOAD measurements.o
LOAD measurements_hal.o
LOAD protocolAbstraction.o
START GROUP
LOAD c:/program files (x86)/atmel/studio/7.0/toolchain/avr8/avr8-gnu-toolchain/bin/../lib/gcc/avr/4.9.2/../../../../avr/lib/avr5\libm.a
END GROUP
START GROUP
LOAD c:/program files (x86)/atmel/studio/7.0/toolchain/avr8/avr8-gnu-toolchain/bin/../lib/gcc/avr/4.9.2/avr5\libgcc.a
LOAD c:/program files (x86)/atmel/studio/7.0/toolchain/avr8/avr8-gnu-toolchain/bin/../lib/gcc/avr/4.9.2/../../../../avr/lib/avr5\libm.a
LOAD c:/program files (x86)/atmel/studio/7.0/toolchain/avr8/avr8-gnu-toolchain/bin/../lib/gcc/avr/4.9.2/../../../../avr/lib/avr5\libc.a
LOAD C:/Program Files (x86)/Atmel/Studio/7.0/Packs/atmel/ATmega_DFP/1.1.130/gcc/dev/atmega328pb/avr5\libatmega328pb.a
END GROUP
                0x00020000                __TEXT_REGION_LENGTH__ = DEFINED (__TEXT_REGION_LENGTH__)?__TEXT_REGION_LENGTH__:0x20000
                0x0000ffa0                __DATA_REGION_LENGTH__ = DEFINED (__DATA_REGION_LENGTH__)?__DATA_REGION_LENGTH__:0xffa0
                0x00010000                __EEPROM_REGION_LENGTH__ = DEFINED (__EEPROM_REGION_LENGTH__)?__EEPROM_REGION_LENGTH__:0x10000
                [0x00000003]                __FUSE_REGION_LENGTH__ = DEFINED (__FUSE_REGION_LENGTH__)?__FUSE_REGION_LENGTH__:0x400
                0x00000400                __LOCK_REGION_LENGTH__ = DEFINED (__LOCK_REGION_LENGTH__)?__LOCK_REGION_LENGTH__:0x400
                0x00000400                __SIGNATURE_REGION_LENGTH__ = DEFINED (__SIGNATURE_REGION_LENGTH__)?__SIGNATURE_REGION_LENGTH__:0x400
                0x00000400                __USER_SIGNATURE_REGION_LENGTH__ = DEFINED (__USER_SIGNATURE_REGION_LENGTH__)?__USER_SIGNATURE_REGION_LENGTH__:0x400

.hash
 *(.hash)

.dynsym
 *(.dynsym)

.dynstr
 *(.dynstr)

.gnu.version
 *(.gnu.version)

.gnu.version_d
 *(.gnu.version_d)

.gnu.version_r
 *(.gnu.version_r)

.rel.init
 *(.rel.init)

.rela.init
 *(.rela.init)

.rel.text
 *(.rel.text)
 *(.rel.text.*)
 *(.rel.gnu.linkonce.t*)

.rela.text
 *(.rela.text)
 *(.rela.text.*)
 *(.rela.gnu.linkonce.t*)

.rel.fini
 *(.rel.fini)

.rela.fini
 *(.rela.fini)

.rel.rodata
 *(.rel.rodata)
 *(.rel.rodata.*)
 *(.rel.gnu.linkonce.r*)

.rela.rodata
 *(.rela.rodata)
 *(.rela.rodata.*)
 *(.rela.gnu.linkonce.r*)

.rel.data
 *(.rel.data)
 *(.rel.data.*)
 *(.rel.gnu.linkonce.d*)

.rela.data
 *(.rela.data)
 *(.rela.data.*)
 *(.rela.gnu.linkonce.d*)

.rel.ctors
 *(.rel.ctors)

.rela.ctors
 *(.rela.ctors)

.rel.dtors
 *(.rel.dtors)

.rela.dtors
 *(.rela.dtors)

.rel.got
 *(.rel.got)

.rela.got
 *(.rela.got)

.rel.bss
 *(.rel.bss)

.rela.bss
 *(.rela.bss)

.rel.plt
 *(.rel.plt)

.rela.plt
 *(.rela.plt)

.text           0x00000000      0xabc
 *(.vectors)
 .vectors       0x00000000       0xb4 C:/Program Files (x86)/Atmel/Studio/7.0/Packs/atmel/ATmega_DFP/1.1.130/gcc/dev/atmega328pb/avr5/crtatmega328pb.o
                0x00000000                __vector_default
                0x00000000                __vectors
 *(.vectors)
 *(.progmem.gcc*)
                0x000000b4                . = ALIGN (0x2)
                0x000000b4                __trampolines_start = .
 *(.trampolines)
 .trampolines   0x000000b4        0x0 linker stubs
 *(.trampolines*)
                0x000000b4                __trampolines_end = .
 *libprintf_flt.a:*(.progmem.data)
 *libc.a:*(.progmem.data)
 *(.progmem*)
                0x000000b4                . = ALIGN (0x2)
 *(.jumptables)
 *(.jumptables*)
 *(.lowtext)
 *(.lowtext*)
                0x000000b4                __ctors_start = .
 *(.ctors)
                0x000000b4                __ctors_end = .
                0x000000b4                __dtors_start = .
 *(.dtors)
                0x000000b4                __dtors_end = .
 SORT(*)(.ctors)
 SORT(*)(.dtors)
 *(.init0)
 .init0         0x000000b4        0x0 C:/Program Files (x86)/Atmel/Studio/7.0/Packs/atmel/ATmega_DFP/1.1.130/gcc/dev/atmega328pb/avr5/crtatmega328pb.o
                0x000000b4                __init
 *(.init0)
 *(.init1)
 *(.init1)
 *(.init2)
 .init2         0x000000b4        0xc C:/Program Files (x86)/Atmel/Studio/7.0/Packs/atmel/ATmega_DFP/1.1.130/gcc/dev/atmega328pb/avr5/crtatmega328pb.o
 *(.init2)
 *(.init3)
 *(.init3)
 *(.init4)
 .init4         0x000000c0       0x16 c:/program files (x86)/atmel/studio/7.0/toolchain/avr8/avr8-gnu-toolchain/bin/../lib/gcc/avr/4.9.2/avr5\libgcc.a(_copy_data.o)
                0x000000c0                __do_copy_data
 .init4         0x000000d6       0x10 c:/program files (x86)/atmel/studio/7.0/toolchain/avr8/avr8-gnu-toolchain/bin/../lib/gcc/avr/4.9.2/avr5\libgcc.a(_clear_bss.o)
                0x000000d6                __do_clear_bss
 *(.init4)
 *(.init5)
 *(.init5)
 *(.init6)
 *(.init6)
 *(.init7)
 *(.init7)
 *(.init8)
 *(.init8)
 *(.init9)
 .init9         0x000000e6        0x8 C:/Program Files (x86)/Atmel/Studio/7.0/Packs/atmel/ATmega_DFP/1.1.130/gcc/dev/atmega328pb/avr5/crtatmega328pb.o
 *(.init9)
 *(.text)
 .text          0x000000ee        0x4 C:/Program Files (x86)/Atmel/Studio/7.0/Packs/atmel/ATmega_DFP/1.1.130/gcc/dev/atmega328pb/avr5/crtatmega328pb.o
                0x000000ee                __vector_38
                0x000000ee                __vector_22
                0x000000ee                __vector_1
                0x000000ee                __vector_32
                0x000000ee                __vector_34
                0x000000ee                __vector_24
                0x000000ee                __vector_12
                0x000000ee                __bad_interrupt
                0x000000ee                __vector_6
                0x000000ee                __vector_31
                0x000000ee                __vector_35
                0x000000ee                __vector_39
                0x000000ee                __vector_3
                0x000000ee                __vector_23
                0x000000ee                __vector_30
                0x000000ee                __vector_25
                0x000000ee                __vector_11
                0x000000ee                __vector_13
                0x000000ee                __vector_17
                0x000000ee                __vector_19
                0x000000ee                __vector_41
                0x000000ee                __vector_43
                0x000000ee                __vector_27
                0x000000ee                __vector_5
                0x000000ee                __vector_33
                0x000000ee                __vector_37
                0x000000ee                __vector_4
                0x000000ee                __vector_44
                0x000000ee                __vector_9
                0x000000ee                __vector_2
                0x000000ee                __vector_21
                0x000000ee                __vector_15
                0x000000ee                __vector_36
                0x000000ee                __vector_29
                0x000000ee                __vector_40
                0x000000ee                __vector_8
                0x000000ee                __vector_26
                0x000000ee                __vector_14
                0x000000ee                __vector_10
                0x000000ee                __vector_16
                0x000000ee                __vector_20
                0x000000ee                __vector_42
                0x000000f2                . = ALIGN (0x2)
 *(.text.*)
 .text.__vector_7
                0x000000f2       0x22 controlBoxHAL.o
                0x000000f2                __vector_7
 .text.hal_init
                0x00000114       0x18 controlBoxHAL.o
                0x00000114                hal_init
 .text.hal_process
                0x0000012c       0xb2 controlBoxHAL.o
                0x0000012c                hal_process
 .text.USART0_init
                0x000001de       0x18 controlBoxHAL.o
                0x000001de                USART0_init
 .text.USART0_setToReceive
                0x000001f6       0x18 controlBoxHAL.o
                0x000001f6                USART0_setToReceive
 .text.USART1_init
                0x0000020e       0x18 controlBoxHAL.o
                0x0000020e                USART1_init
 .text.USART1_setToTransmit
                0x00000226       0x16 controlBoxHAL.o
                0x00000226                USART1_setToTransmit
 .text.USART1_sendChar
                0x0000023c       0x10 controlBoxHAL.o
                0x0000023c                USART1_sendChar
 .text.USART1_sendString
                0x0000024c       0x2a controlBoxHAL.o
                0x0000024c                USART1_sendString
 .text.lightcontrol_init
                0x00000276       0x14 lightcontrol.o
                0x00000276                lightcontrol_init
 .text.lightcontrol_process
                0x0000028a      0x1ec lightcontrol.o
                0x0000028a                lightcontrol_process
 .text.lighcontrol_hal_init
                0x00000476        0xc lightcontrol_hal.o
                0x00000476                lighcontrol_hal_init
 .text.brightness_fully_on
                0x00000482        0xa lightcontrol_hal.o
                0x00000482                brightness_fully_on
 .text.brightness_fully_off
                0x0000048c        0xa lightcontrol_hal.o
                0x0000048c                brightness_fully_off
 .text.set_brighntess
                0x00000496        0xa lightcontrol_hal.o
                0x00000496                set_brighntess
 .text.inv_brightness
                0x000004a0        0xa lightcontrol_hal.o
                0x000004a0                inv_brightness
 .text.stateMachine
                0x000004aa       0x28 main.o
                0x000004aa                stateMachine
 .text.__vector_18
                0x000004d2       0x4c main.o
                0x000004d2                __vector_18
 .text.__vector_28
                0x0000051e       0x4c main.o
                0x0000051e                __vector_28
 .text.main     0x0000056a       0x28 main.o
                0x0000056a                main
 .text.measurement_init
                0x00000592       0x24 measurements.o
                0x00000592                measurement_init
 .text.measurement_process
                0x000005b6      0x188 measurements.o
                0x000005b6                measurement_process
 .text.read_adc_10
                0x0000073e       0x46 measurements_hal.o
                0x0000073e                read_adc_10
 .text.get_all_voltages
                0x00000784       0xce measurements_hal.o
                0x00000784                get_all_voltages
 .text.get_all_div_voltages
                0x00000852       0xc6 measurements_hal.o
                0x00000852                get_all_div_voltages
 .text.get_sensor_value
                0x00000918       0x26 measurements_hal.o
                0x00000918                get_sensor_value
 .text.bus_createAddressForNext
                0x0000093e       0x44 protocolAbstraction.o
                0x0000093e                bus_createAddressForNext
 .text.bus_createHello
                0x00000982       0x38 protocolAbstraction.o
                0x00000982                bus_createHello
 .text.calculateReadPointer
                0x000009ba       0x16 protocolAbstraction.o
                0x000009ba                calculateReadPointer
 .text.bus_process
                0x000009d0       0xc0 protocolAbstraction.o
                0x000009d0                bus_process
 .text.libgcc.div
                0x00000a90       0x28 c:/program files (x86)/atmel/studio/7.0/toolchain/avr8/avr8-gnu-toolchain/bin/../lib/gcc/avr/4.9.2/avr5\libgcc.a(_udivmodhi4.o)
                0x00000a90                __udivmodhi4
                0x00000ab8                . = ALIGN (0x2)
 *(.fini9)
 .fini9         0x00000ab8        0x0 c:/program files (x86)/atmel/studio/7.0/toolchain/avr8/avr8-gnu-toolchain/bin/../lib/gcc/avr/4.9.2/avr5\libgcc.a(_exit.o)
                0x00000ab8                _exit
                0x00000ab8                exit
 *(.fini9)
 *(.fini8)
 *(.fini8)
 *(.fini7)
 *(.fini7)
 *(.fini6)
 *(.fini6)
 *(.fini5)
 *(.fini5)
 *(.fini4)
 *(.fini4)
 *(.fini3)
 *(.fini3)
 *(.fini2)
 *(.fini2)
 *(.fini1)
 *(.fini1)
 *(.fini0)
 .fini0         0x00000ab8        0x4 c:/program files (x86)/atmel/studio/7.0/toolchain/avr8/avr8-gnu-toolchain/bin/../lib/gcc/avr/4.9.2/avr5\libgcc.a(_exit.o)
 *(.fini0)
                0x00000abc                _etext = .

.data           0x00800100        0xc load address 0x00000abc
                0x00800100                PROVIDE (__data_start, .)
 *(.data)
 *(.data*)
 .data.toolID   0x00800100        0x1 main.o
                0x00800100                toolID
 .data.address  0x00800101        0x2 main.o
                0x00800101                address
 .data.helloCode
                0x00800103        0x1 protocolAbstraction.o
                0x00800103                helloCode
 .data.STOP     0x00800104        0x1 protocolAbstraction.o
                0x00800104                STOP
 .data.START    0x00800105        0x1 protocolAbstraction.o
                0x00800105                START
 *(.rodata)
 *(.rodata*)
 .rodata.hal_timers
                0x00800106        0x6 main.o
                0x00800106                hal_timers
 *(.gnu.linkonce.d*)
                0x0080010c                . = ALIGN (0x2)
                0x0080010c                _edata = .
                0x0080010c                PROVIDE (__data_end, .)

.bss            0x0080010c      0x109
                0x0080010c                PROVIDE (__bss_start, .)
 *(.bss)
 *(.bss*)
 .bss.timer_800us
                0x0080010c        0x1 controlBoxHAL.o
 .bss.state     0x0080010d        0x1 lightcontrol.o
 .bss.writePointerU1
                0x0080010e        0x1 main.o
                0x0080010e                writePointerU1
 .bss.readPointerU0
                0x0080010f        0x1 main.o
                0x0080010f                readPointerU0
 .bss.writePointerU0
                0x00800110        0x1 main.o
                0x00800110                writePointerU0
 .bss.state     0x00800111        0x1 main.o
                0x00800111                state
 .bss.state     0x00800112        0x1 measurements.o
 *(COMMON)
 COMMON         0x00800113        0x5 lightcontrol.o
                0x00800113                light_timer
                0x00800117                act_brightness
 COMMON         0x00800118       0xf2 main.o
                0x00800118                voltages
                0x00800124                voltageDiv
                0x0080012c                measLED_valid
                0x0080012d                temperature
                0x0080012f                bounds
                0x0080013d                bufferU1
                0x008001a1                statusCode
                0x008001a2                bufferU0
                0x00800206                sensorValue
                0x00800208                brightness
                0x00800209                lightmode
 COMMON         0x0080020a        0x5 measurements.o
                0x0080020a                nLED
                0x0080020b                meas_timer
 COMMON         0x0080020f        0x6 protocolAbstraction.o
                0x0080020f                helloPacket
                0x00800212                addressFrame
                0x00800215                PROVIDE (__bss_end, .)
                0x00000abc                __data_load_start = LOADADDR (.data)
                0x00000ac8                __data_load_end = (__data_load_start + SIZEOF (.data))

.noinit         0x00800215        0x0
                [!provide]                PROVIDE (__noinit_start, .)
 *(.noinit*)
                [!provide]                PROVIDE (__noinit_end, .)
                0x00800215                _end = .
                [!provide]                PROVIDE (__heap_start, .)

.eeprom         0x00810000        0x0
 *(.eeprom*)
                0x00810000                __eeprom_end = .

.fuse
 *(.fuse)
 *(.lfuse)
 *(.hfuse)
 *(.efuse)

.lock
 *(.lock*)

.signature
 *(.signature*)

.user_signatures
 *(.user_signatures*)

.stab
 *(.stab)

.stabstr
 *(.stabstr)

.stab.excl
 *(.stab.excl)

.stab.exclstr
 *(.stab.exclstr)

.stab.index
 *(.stab.index)

.stab.indexstr
 *(.stab.indexstr)

.comment        0x00000000       0x30
 *(.comment)
 .comment       0x00000000       0x30 controlBoxHAL.o
                                 0x31 (size before relaxing)
 .comment       0x00000030       0x31 lightcontrol.o
 .comment       0x00000030       0x31 lightcontrol_hal.o
 .comment       0x00000030       0x31 main.o
 .comment       0x00000030       0x31 measurements.o
 .comment       0x00000030       0x31 measurements_hal.o
 .comment       0x00000030       0x31 protocolAbstraction.o

.note.gnu.avr.deviceinfo
                0x00000000       0x40
 .note.gnu.avr.deviceinfo
                0x00000000       0x40 C:/Program Files (x86)/Atmel/Studio/7.0/Packs/atmel/ATmega_DFP/1.1.130/gcc/dev/atmega328pb/avr5/crtatmega328pb.o

.note.gnu.build-id
 *(.note.gnu.build-id)

.debug
 *(.debug)

.line
 *(.line)

.debug_srcinfo
 *(.debug_srcinfo)

.debug_sfnames
 *(.debug_sfnames)

.debug_aranges  0x00000000      0x248
 *(.debug_aranges)
 .debug_aranges
                0x00000000      0x100 controlBoxHAL.o
 .debug_aranges
                0x00000100       0x28 lightcontrol.o
 .debug_aranges
                0x00000128       0x40 lightcontrol_hal.o
 .debug_aranges
                0x00000168       0x40 main.o
 .debug_aranges
                0x000001a8       0x28 measurements.o
 .debug_aranges
                0x000001d0       0x40 measurements_hal.o
 .debug_aranges
                0x00000210       0x38 protocolAbstraction.o

.debug_pubnames
 *(.debug_pubnames)

.debug_info     0x00000000     0x212e
 *(.debug_info .gnu.linkonce.wi.*)
 .debug_info    0x00000000      0x8ea C:/Program Files (x86)/Atmel/Studio/7.0/Packs/atmel/ATmega_DFP/1.1.130/gcc/dev/atmega328pb/avr5/crtatmega328pb.o
 .debug_info    0x000008ea      0x924 controlBoxHAL.o
 .debug_info    0x0000120e      0x215 lightcontrol.o
 .debug_info    0x00001423       0xed lightcontrol_hal.o
 .debug_info    0x00001510      0x511 main.o
 .debug_info    0x00001a21      0x22a measurements.o
 .debug_info    0x00001c4b      0x2de measurements_hal.o
 .debug_info    0x00001f29      0x205 protocolAbstraction.o

.debug_abbrev   0x00000000     0x119b
 *(.debug_abbrev)
 .debug_abbrev  0x00000000      0x86e C:/Program Files (x86)/Atmel/Studio/7.0/Packs/atmel/ATmega_DFP/1.1.130/gcc/dev/atmega328pb/avr5/crtatmega328pb.o
 .debug_abbrev  0x0000086e      0x2ce controlBoxHAL.o
 .debug_abbrev  0x00000b3c       0xe8 lightcontrol.o
 .debug_abbrev  0x00000c24       0x7a lightcontrol_hal.o
 .debug_abbrev  0x00000c9e      0x1c4 main.o
 .debug_abbrev  0x00000e62      0x15a measurements.o
 .debug_abbrev  0x00000fbc       0xec measurements_hal.o
 .debug_abbrev  0x000010a8       0xf3 protocolAbstraction.o

.debug_line     0x00000000     0x148c
 *(.debug_line .debug_line.* .debug_line_end)
 .debug_line    0x00000000      0x1a5 C:/Program Files (x86)/Atmel/Studio/7.0/Packs/atmel/ATmega_DFP/1.1.130/gcc/dev/atmega328pb/avr5/crtatmega328pb.o
 .debug_line    0x000001a5      0x7c2 controlBoxHAL.o
 .debug_line    0x00000967      0x274 lightcontrol.o
 .debug_line    0x00000bdb      0x123 lightcontrol_hal.o
 .debug_line    0x00000cfe      0x28a main.o
 .debug_line    0x00000f88      0x1d6 measurements.o
 .debug_line    0x0000115e      0x19c measurements_hal.o
 .debug_line    0x000012fa      0x192 protocolAbstraction.o

.debug_frame    0x00000000      0x4cc
 *(.debug_frame)
 .debug_frame   0x00000000      0x234 controlBoxHAL.o
 .debug_frame   0x00000234       0x34 lightcontrol.o
 .debug_frame   0x00000268       0x64 lightcontrol_hal.o
 .debug_frame   0x000002cc       0xa4 main.o
 .debug_frame   0x00000370       0x54 measurements.o
 .debug_frame   0x000003c4       0xac measurements_hal.o
 .debug_frame   0x00000470       0x5c protocolAbstraction.o

.debug_str      0x00000000      0xa4a
 *(.debug_str)
 .debug_str     0x00000000      0x318 C:/Program Files (x86)/Atmel/Studio/7.0/Packs/atmel/ATmega_DFP/1.1.130/gcc/dev/atmega328pb/avr5/crtatmega328pb.o
 .debug_str     0x00000318      0x368 controlBoxHAL.o
                                0x3ad (size before relaxing)
 .debug_str     0x00000680       0xff lightcontrol.o
                                0x26b (size before relaxing)
 .debug_str     0x0000077f       0x61 lightcontrol_hal.o
                                0x1d5 (size before relaxing)
 .debug_str     0x000007e0      0x131 main.o
                                0x3b2 (size before relaxing)
 .debug_str     0x00000911       0x68 measurements.o
                                0x243 (size before relaxing)
 .debug_str     0x00000979       0x4a measurements_hal.o
                                0x219 (size before relaxing)
 .debug_str     0x000009c3       0x87 protocolAbstraction.o
                                0x23d (size before relaxing)

.debug_loc      0x00000000      0x7ef
 *(.debug_loc)
 .debug_loc     0x00000000      0x459 controlBoxHAL.o
 .debug_loc     0x00000459       0xc6 main.o
 .debug_loc     0x0000051f       0x8b measurements.o
 .debug_loc     0x000005aa      0x201 measurements_hal.o
 .debug_loc     0x000007ab       0x44 protocolAbstraction.o

.debug_macinfo
 *(.debug_macinfo)

.debug_weaknames
 *(.debug_weaknames)

.debug_funcnames
 *(.debug_funcnames)

.debug_typenames
 *(.debug_typenames)

.debug_varnames
 *(.debug_varnames)

.debug_pubtypes
 *(.debug_pubtypes)

.debug_ranges   0x00000000      0x1d8
 *(.debug_ranges)
 .debug_ranges  0x00000000       0xf0 controlBoxHAL.o
 .debug_ranges  0x000000f0       0x18 lightcontrol.o
 .debug_ranges  0x00000108       0x30 lightcontrol_hal.o
 .debug_ranges  0x00000138       0x30 main.o
 .debug_ranges  0x00000168       0x18 measurements.o
 .debug_ranges  0x00000180       0x30 measurements_hal.o
 .debug_ranges  0x000001b0       0x28 protocolAbstraction.o

.debug_macro
 *(.debug_macro)
OUTPUT(controlBoxV1.elf elf32-avr)
LOAD linker stubs
